
Allocating common symbols
Common symbol       size              file

pMA_state           0x4               Main_Algorithm.o
pPS_state           0x4               Pressure_Sensor.o
Alarm_Actuator_State_ID
                    0x1               Alarm_Actuator.o
PS_States_ID        0x1               main.o
MA_State_ID         0x1               main.o
pAlarm_Actuator_state
                    0x4               Alarm_Actuator.o

Memory Configuration

Name             Origin             Length             Attributes
flash            0x08000000         0x00020000         xr
sram             0x20000000         0x00005000         xrw
*default*        0x00000000         0xffffffff

Linker script and memory map


.text           0x08000000      0x434
 *(.vectors*)
 .vectors       0x08000000       0x1c startup.o
                0x08000000                vectors
 *(.text*)
 .text          0x0800001c       0xa4 Alarm_Actuator.o
                0x0800001c                ST_Alarm_Actuator_idle
                0x08000034                ST_Alarm_Actuator_busy
                0x08000060                Alarm_Actuator_Init
                0x0800006c                Alarm_State_Set
 .text          0x080000c0      0x108 GPIO.o
                0x080000c0                GPIO_Init
                0x08000140                GPIO_delay
                0x08000164                GPIO_Get_Pressure_Val
                0x0800017c                GPIO_Start_Alarm_Actuator
                0x080001a4                GPIO_Stop_Alarm_Actuator
 .text          0x080001c8       0x94 main.o
                0x080001c8                setup
                0x08000210                main
 .text          0x0800025c       0xc4 Main_Algorithm.o
                0x0800025c                ST_MA_Waiting
                0x08000290                ST_MA_Detection
                0x080002c4                Set_Pressure_Val
 .text          0x08000320       0x54 Pressure_Sensor.o
                0x08000320                ST_PS_busy
                0x08000368                PS_Init
 .text          0x08000374       0xc0 startup.o
                0x08000374                H_Fault_Handler
                0x08000374                MM_Fault_Handler
                0x08000374                Usage_Fault_Handler
                0x08000374                Bus_Fault
                0x08000374                Default_Handler
                0x08000374                NMI_Handler
                0x08000380                Reset_Handler
 *(.rodata*)
                0x08000434                _E_TEXT = .

.glue_7         0x08000434        0x0
 .glue_7        0x00000000        0x0 linker stubs

.glue_7t        0x08000434        0x0
 .glue_7t       0x00000000        0x0 linker stubs

.vfp11_veneer   0x08000434        0x0
 .vfp11_veneer  0x00000000        0x0 linker stubs

.v4_bx          0x08000434        0x0
 .v4_bx         0x00000000        0x0 linker stubs

.iplt           0x08000434        0x0
 .iplt          0x00000000        0x0 Alarm_Actuator.o

.rel.dyn        0x08000434        0x0
 .rel.iplt      0x00000000        0x0 Alarm_Actuator.o

.data           0x20000000        0x4 load address 0x08000434
                0x20000000                _S_DATA = .
 *(.data*)
 .data          0x20000000        0x0 Alarm_Actuator.o
 .data          0x20000000        0x0 GPIO.o
 .data          0x20000000        0x0 main.o
 .data          0x20000000        0x4 Main_Algorithm.o
 .data          0x20000004        0x0 Pressure_Sensor.o
 .data          0x20000004        0x0 startup.o
                0x20000004                . = ALIGN (0x4)
                0x20000004                _E_DATA = .

.igot.plt       0x20000004        0x0 load address 0x08000438
 .igot.plt      0x00000000        0x0 Alarm_Actuator.o

.bss            0x20000004     0x1024 load address 0x08000438
                0x20000004                _S_BSS = .
 *(.bss*)
 .bss           0x20000004        0x4 Alarm_Actuator.o
 .bss           0x20000008        0x0 GPIO.o
 .bss           0x20000008        0x0 main.o
 .bss           0x20000008        0x8 Main_Algorithm.o
 .bss           0x20000010        0x4 Pressure_Sensor.o
 .bss           0x20000014        0x0 startup.o
                0x20000014                . = ALIGN (0x4)
                0x20000014                _E_BSS = .
                0x20000014                . = ALIGN (0x4)
                0x20001014                . = (. + 0x1000)
 *fill*         0x20000014     0x1000 
                0x20001014                _STACK_TOP = .
 COMMON         0x20001014        0x8 Alarm_Actuator.o
                0x20001014                Alarm_Actuator_State_ID
                0x20001018                pAlarm_Actuator_state
 COMMON         0x2000101c        0x2 main.o
                0x2000101c                PS_States_ID
                0x2000101d                MA_State_ID
 *fill*         0x2000101e        0x2 
 COMMON         0x20001020        0x4 Main_Algorithm.o
                0x20001020                pMA_state
 COMMON         0x20001024        0x4 Pressure_Sensor.o
                0x20001024                pPS_state
LOAD Alarm_Actuator.o
LOAD GPIO.o
LOAD main.o
LOAD Main_Algorithm.o
LOAD Pressure_Sensor.o
LOAD startup.o
OUTPUT(Pressure_Detection_Hamza.elf elf32-littlearm)

.debug_info     0x00000000      0x815
 .debug_info    0x00000000      0x145 Alarm_Actuator.o
 .debug_info    0x00000145      0x118 GPIO.o
 .debug_info    0x0000025d      0x185 main.o
 .debug_info    0x000003e2      0x184 Main_Algorithm.o
 .debug_info    0x00000566      0x103 Pressure_Sensor.o
 .debug_info    0x00000669      0x1ac startup.o

.debug_abbrev   0x00000000      0x466
 .debug_abbrev  0x00000000       0xb4 Alarm_Actuator.o
 .debug_abbrev  0x000000b4       0xaa GPIO.o
 .debug_abbrev  0x0000015e       0xd0 main.o
 .debug_abbrev  0x0000022e       0xc1 Main_Algorithm.o
 .debug_abbrev  0x000002ef       0xa1 Pressure_Sensor.o
 .debug_abbrev  0x00000390       0xd6 startup.o

.debug_loc      0x00000000      0x354
 .debug_loc     0x00000000       0xbc Alarm_Actuator.o
 .debug_loc     0x000000bc       0xe8 GPIO.o
 .debug_loc     0x000001a4       0x64 main.o
 .debug_loc     0x00000208       0x90 Main_Algorithm.o
 .debug_loc     0x00000298       0x58 Pressure_Sensor.o
 .debug_loc     0x000002f0       0x64 startup.o

.debug_aranges  0x00000000       0xc0
 .debug_aranges
                0x00000000       0x20 Alarm_Actuator.o
 .debug_aranges
                0x00000020       0x20 GPIO.o
 .debug_aranges
                0x00000040       0x20 main.o
 .debug_aranges
                0x00000060       0x20 Main_Algorithm.o
 .debug_aranges
                0x00000080       0x20 Pressure_Sensor.o
 .debug_aranges
                0x000000a0       0x20 startup.o

.debug_line     0x00000000      0x2cb
 .debug_line    0x00000000       0x64 Alarm_Actuator.o
 .debug_line    0x00000064       0x69 GPIO.o
 .debug_line    0x000000cd       0x8d main.o
 .debug_line    0x0000015a       0x95 Main_Algorithm.o
 .debug_line    0x000001ef       0x5d Pressure_Sensor.o
 .debug_line    0x0000024c       0x7f startup.o

.debug_str      0x00000000      0x36a
 .debug_str     0x00000000      0x1a5 Alarm_Actuator.o
                                0x1de (size before relaxing)
 .debug_str     0x000001a5       0x73 GPIO.o
                                0x18c (size before relaxing)
 .debug_str     0x00000218       0x4d main.o
                                0x1de (size before relaxing)
 .debug_str     0x00000265       0x5a Main_Algorithm.o
                                0x1ed (size before relaxing)
 .debug_str     0x000002bf       0x25 Pressure_Sensor.o
                                0x163 (size before relaxing)
 .debug_str     0x000002e4       0x86 startup.o
                                0x1a6 (size before relaxing)

.comment        0x00000000       0x11
 .comment       0x00000000       0x11 Alarm_Actuator.o
                                 0x12 (size before relaxing)
 .comment       0x00000000       0x12 GPIO.o
 .comment       0x00000000       0x12 main.o
 .comment       0x00000000       0x12 Main_Algorithm.o
 .comment       0x00000000       0x12 Pressure_Sensor.o
 .comment       0x00000000       0x12 startup.o

.ARM.attributes
                0x00000000       0x33
 .ARM.attributes
                0x00000000       0x33 Alarm_Actuator.o
 .ARM.attributes
                0x00000033       0x33 GPIO.o
 .ARM.attributes
                0x00000066       0x33 main.o
 .ARM.attributes
                0x00000099       0x33 Main_Algorithm.o
 .ARM.attributes
                0x000000cc       0x33 Pressure_Sensor.o
 .ARM.attributes
                0x000000ff       0x33 startup.o

.debug_frame    0x00000000      0x248
 .debug_frame   0x00000000       0x78 Alarm_Actuator.o
 .debug_frame   0x00000078       0x90 GPIO.o
 .debug_frame   0x00000108       0x4c main.o
 .debug_frame   0x00000154       0x64 Main_Algorithm.o
 .debug_frame   0x000001b8       0x44 Pressure_Sensor.o
 .debug_frame   0x000001fc       0x4c startup.o
