
Memory Configuration

Name             Origin             Length             Attributes
flash            0x08000000         0x08000000         xr
sram             0x20000000         0x00005000         xrw
*default*        0x00000000         0xffffffff

Linker script and memory map


.text           0x08000000      0x11c
 *(.vectors*)
 .vectors       0x08000000       0x14 startup.o
                0x08000000                vectors
 *(.text*)
 .text          0x08000014       0x78 main.o
                0x08000014                main
 .text          0x0800008c       0x90 startup.o
                0x0800008c                reset_handler
                0x08000110                default_handler
                0x08000110                nmi_handler
                0x08000110                bus_handler
                0x08000110                h_fault_handler
                0x0800011c                _E_text = .

.glue_7         0x0800011c        0x0
 .glue_7        0x00000000        0x0 linker stubs

.glue_7t        0x0800011c        0x0
 .glue_7t       0x00000000        0x0 linker stubs

.vfp11_veneer   0x0800011c        0x0
 .vfp11_veneer  0x00000000        0x0 linker stubs

.v4_bx          0x0800011c        0x0
 .v4_bx         0x00000000        0x0 linker stubs

.iplt           0x0800011c        0x0
 .iplt          0x00000000        0x0 main.o

.rel.dyn        0x0800011c        0x0
 .rel.iplt      0x00000000        0x0 main.o

.data           0x20000000       0x10 load address 0x0800011c
                0x20000000                _S_data = .
 *(.data*)
 .data          0x20000000        0xc main.o
                0x20000000                APB2ENR
                0x20000004                CHR
                0x20000008                ODR
 .data          0x2000000c        0x0 startup.o
                0x20000010                . = ALIGN (.)
 *fill*         0x2000000c        0x4 
                0x20000010                _E_data = .

.igot.plt       0x20000010        0x0 load address 0x0800012c
 .igot.plt      0x00000000        0x0 main.o

.bss            0x20000010     0x1000 load address 0x0800012c
                0x20000010                _S_bss = .
 *(.bss*)
 .bss           0x20000010        0x0 main.o
 .bss           0x20000010        0x0 startup.o
                0x20000010                . = ALIGN (.)
                0x20000010                _E_bss = .
                0x20001010                . = (. + 0x1000)
 *fill*         0x20000010     0x1000 
                0x20001010                _stack_top = .
LOAD main.o
LOAD startup.o
OUTPUT(toggle_led.elf elf32-littlearm)

.debug_info     0x00000000      0xd6b
 .debug_info    0x00000000      0xbdc main.o
 .debug_info    0x00000bdc      0x18f startup.o

.debug_abbrev   0x00000000      0x2af
 .debug_abbrev  0x00000000      0x1db main.o
 .debug_abbrev  0x000001db       0xd4 startup.o

.debug_loc      0x00000000       0xb4
 .debug_loc     0x00000000       0x38 main.o
 .debug_loc     0x00000038       0x7c startup.o

.debug_aranges  0x00000000       0x40
 .debug_aranges
                0x00000000       0x20 main.o
 .debug_aranges
                0x00000020       0x20 startup.o

.debug_line     0x00000000      0x4bd
 .debug_line    0x00000000      0x2cb main.o
 .debug_line    0x000002cb      0x1f2 startup.o

.debug_str      0x00000000      0x5e3
 .debug_str     0x00000000      0x56d main.o
                                0x5e1 (size before relaxing)
 .debug_str     0x0000056d       0x76 startup.o
                                0x1be (size before relaxing)

.comment        0x00000000       0x7b
 .comment       0x00000000       0x7b main.o
                                 0x7c (size before relaxing)
 .comment       0x00000000       0x7c startup.o

.ARM.attributes
                0x00000000       0x33
 .ARM.attributes
                0x00000000       0x33 main.o
 .ARM.attributes
                0x00000033       0x33 startup.o

.debug_frame    0x00000000       0x7c
 .debug_frame   0x00000000       0x2c main.o
 .debug_frame   0x0000002c       0x50 startup.o
