
Memory Configuration

Name             Origin             Length             Attributes
flash            0x0000000008000000 0x0000000008000000 xr
sram             0x0000000020000000 0x0000000000005000 xrw
*default*        0x0000000000000000 0xffffffffffffffff

Linker script and memory map


.text           0x0000000008000000       0x9e
 *(.vectors*)
 .vectors       0x0000000008000000       0x1c startup.o
 *(.text*)
 .text          0x000000000800001c       0x78 main.o
                0x000000000800001c                main
 .text          0x0000000008000094        0xa startup.o

.glue_7         0x00000000080000a0        0x0
 .glue_7        0x00000000080000a0        0x0 linker stubs

.glue_7t        0x00000000080000a0        0x0
 .glue_7t       0x00000000080000a0        0x0 linker stubs

.vfp11_veneer   0x00000000080000a0        0x0
 .vfp11_veneer  0x00000000080000a0        0x0 linker stubs

.v4_bx          0x00000000080000a0        0x0
 .v4_bx         0x00000000080000a0        0x0 linker stubs

.iplt           0x00000000080000a0        0x0
 .iplt          0x00000000080000a0        0x0 main.o

.rel.dyn        0x00000000080000a0        0x0
 .rel.iplt      0x00000000080000a0        0x0 main.o

.data           0x00000000080000a0        0xc
 *(.data*)
 .data          0x00000000080000a0        0xc main.o
                0x00000000080000a0                APB2ENR
                0x00000000080000a4                CHR
                0x00000000080000a8                ODR
 .data          0x00000000080000ac        0x0 startup.o

.igot.plt       0x00000000080000ac        0x0
 .igot.plt      0x00000000080000ac        0x0 main.o

.bss            0x0000000020000000        0x0
 *(.bss*)
 .bss           0x0000000020000000        0x0 main.o
 .bss           0x0000000020000000        0x0 startup.o
LOAD main.o
LOAD startup.o
OUTPUT(toggle_led.elf elf32-littlearm)

.debug_info     0x0000000000000000      0xc02
 .debug_info    0x0000000000000000      0xbdc main.o
 .debug_info    0x0000000000000bdc       0x26 startup.o

.debug_abbrev   0x0000000000000000      0x1ef
 .debug_abbrev  0x0000000000000000      0x1db main.o
 .debug_abbrev  0x00000000000001db       0x14 startup.o

.debug_loc      0x0000000000000000       0x38
 .debug_loc     0x0000000000000000       0x38 main.o

.debug_aranges  0x0000000000000000       0x40
 .debug_aranges
                0x0000000000000000       0x20 main.o
 .debug_aranges
                0x0000000000000020       0x20 startup.o

.debug_line     0x0000000000000000      0x306
 .debug_line    0x0000000000000000      0x2cb main.o
 .debug_line    0x00000000000002cb       0x3b startup.o

.debug_str      0x0000000000000000      0x587
 .debug_str     0x0000000000000000      0x579 main.o
                                        0x5e1 (size before relaxing)
 .debug_str     0x0000000000000579        0xe startup.o
                                         0x53 (size before relaxing)

.comment        0x0000000000000000       0x7b
 .comment       0x0000000000000000       0x7b main.o
                                         0x7c (size before relaxing)

.ARM.attributes
                0x0000000000000000       0x31
 .ARM.attributes
                0x0000000000000000       0x33 main.o
 .ARM.attributes
                0x0000000000000033       0x21 startup.o

.debug_frame    0x0000000000000000       0x2c
 .debug_frame   0x0000000000000000       0x2c main.o
